// Jest Snapshot v1, https://goo.gl/fbAQLP

exports[`renders AbsoluteCircularProgress 1`] = `null`;
